// Jest Snapshot v1, https://goo.gl/fbAQLP

exports[`Filter Component Snapshot 1`] = `
ReactWrapper {
  "length": 1,
  Symbol(enzyme.__unrendered__): <PriorityFilter
    sortBy={[Function]}
/>,
  Symbol(enzyme.__renderer__): Object {
    "batchedUpdates": [Function],
    "getNode": [Function],
    "render": [Function],
    "simulateEvent": [Function],
    "unmount": [Function],
  },
  Symbol(enzyme.__root__): [Circular],
  Symbol(enzyme.__node__): Object {
    "instance": null,
    "key": undefined,
    "nodeType": "function",
    "props": Object {
      "sortBy": [Function],
    },
    "ref": null,
    "rendered": Object {
      "instance": <button
        id="filter"
>
        Sort by 
</button>,
      "key": undefined,
      "nodeType": "host",
      "props": Object {
        "children": Array [
          "Sort by ",
          undefined,
        ],
        "className": undefined,
        "id": "filter",
        "onClick": [Function],
      },
      "ref": null,
      "rendered": Array [
        "Sort by ",
      ],
      "type": "button",
    },
    "type": [Function],
  },
  Symbol(enzyme.__nodes__): Array [
    Object {
      "instance": null,
      "key": undefined,
      "nodeType": "function",
      "props": Object {
        "sortBy": [Function],
      },
      "ref": null,
      "rendered": Object {
        "instance": <button
          id="filter"
>
          Sort by 
</button>,
        "key": undefined,
        "nodeType": "host",
        "props": Object {
          "children": Array [
            "Sort by ",
            undefined,
          ],
          "className": undefined,
          "id": "filter",
          "onClick": [Function],
        },
        "ref": null,
        "rendered": Array [
          "Sort by ",
        ],
        "type": "button",
      },
      "type": [Function],
    },
  ],
  Symbol(enzyme.__options__): Object {
    "adapter": ReactSixteenAdapter {
      "options": Object {
        "enableComponentDidUpdateOnSetState": true,
      },
    },
  },
}
`;
