// Jest Snapshot v1, https://goo.gl/fbAQLP

exports[`TaskModule Component Snapshot 1`] = `
ShallowWrapper {
  "length": 1,
  Symbol(enzyme.__root__): [Circular],
  Symbol(enzyme.__unrendered__): <TaskModule
    removeTaskModule={[Function]}
    tasks={Array []}
/>,
  Symbol(enzyme.__renderer__): Object {
    "batchedUpdates": [Function],
    "getNode": [Function],
    "render": [Function],
    "simulateEvent": [Function],
    "unmount": [Function],
  },
  Symbol(enzyme.__node__): Object {
    "instance": null,
    "key": undefined,
    "nodeType": "host",
    "props": Object {
      "children": <section
        className={undefined}
>
        <h4
                className={undefined}
        />
        <span
                className="removeBtn"
                id="removeTaskModule"
                onClick={[Function]}
        />
        <div
                className={undefined}
        >
                <strong>
                        Sort by:
                </strong>
                <div
                        className={undefined}
                >
                        <Filter
                                filter="priority"
                                moduleId={undefined}
                                sortBy={undefined}
                                sortTasksBy={undefined}
                                text="Priority"
                        />
                        <Filter
                                filter="expiration"
                                moduleId={undefined}
                                sortBy={undefined}
                                sortTasksBy={undefined}
                                text="Expiration"
                        />
                        <Filter
                                filter="completed"
                                moduleId={undefined}
                                sortBy={undefined}
                                sortTasksBy={undefined}
                                text="Completion"
                        />
                        <Filter
                                filter="creationDate"
                                moduleId={undefined}
                                sortBy={undefined}
                                sortTasksBy={undefined}
                                text="Creation"
                        />
                </div>
                <span
                        className={undefined}
                >
                        ↓
                </span>
        </div>
        <ul
                className={undefined}
        >
                <li>
                        <p>
                                No tasks in current module...
                        </p>
                        <br />
                </li>
                <TaskItemList
                        moduleId={undefined}
                        removeTask={undefined}
                        tasks={Array []}
                        toggleTask={undefined}
                />
        </ul>
        <AddTask
                addNewTask={undefined}
                moduleId={undefined}
        />
</section>,
      "className": "undefined fadeIn",
    },
    "ref": null,
    "rendered": Object {
      "instance": null,
      "key": undefined,
      "nodeType": "host",
      "props": Object {
        "children": Array [
          <h4
            className={undefined}
/>,
          <span
            className="removeBtn"
            id="removeTaskModule"
            onClick={[Function]}
/>,
          <div
            className={undefined}
>
            <strong>
                        Sort by:
            </strong>
            <div
                        className={undefined}
            >
                        <Filter
                                    filter="priority"
                                    moduleId={undefined}
                                    sortBy={undefined}
                                    sortTasksBy={undefined}
                                    text="Priority"
                        />
                        <Filter
                                    filter="expiration"
                                    moduleId={undefined}
                                    sortBy={undefined}
                                    sortTasksBy={undefined}
                                    text="Expiration"
                        />
                        <Filter
                                    filter="completed"
                                    moduleId={undefined}
                                    sortBy={undefined}
                                    sortTasksBy={undefined}
                                    text="Completion"
                        />
                        <Filter
                                    filter="creationDate"
                                    moduleId={undefined}
                                    sortBy={undefined}
                                    sortTasksBy={undefined}
                                    text="Creation"
                        />
            </div>
            <span
                        className={undefined}
            >
                        ↓
            </span>
</div>,
          <ul
            className={undefined}
>
            <li>
                        <p>
                                    No tasks in current module...
                        </p>
                        <br />
            </li>
            <TaskItemList
                        moduleId={undefined}
                        removeTask={undefined}
                        tasks={Array []}
                        toggleTask={undefined}
            />
</ul>,
          <AddTask
            addNewTask={undefined}
            moduleId={undefined}
/>,
        ],
        "className": undefined,
      },
      "ref": null,
      "rendered": Array [
        Object {
          "instance": null,
          "key": undefined,
          "nodeType": "host",
          "props": Object {
            "children": undefined,
            "className": undefined,
          },
          "ref": null,
          "rendered": null,
          "type": "h4",
        },
        Object {
          "instance": null,
          "key": undefined,
          "nodeType": "host",
          "props": Object {
            "className": "removeBtn",
            "id": "removeTaskModule",
            "onClick": [Function],
          },
          "ref": null,
          "rendered": null,
          "type": "span",
        },
        Object {
          "instance": null,
          "key": undefined,
          "nodeType": "host",
          "props": Object {
            "children": Array [
              <strong>
                Sort by:
</strong>,
              <div
                className={undefined}
>
                <Filter
                                filter="priority"
                                moduleId={undefined}
                                sortBy={undefined}
                                sortTasksBy={undefined}
                                text="Priority"
                />
                <Filter
                                filter="expiration"
                                moduleId={undefined}
                                sortBy={undefined}
                                sortTasksBy={undefined}
                                text="Expiration"
                />
                <Filter
                                filter="completed"
                                moduleId={undefined}
                                sortBy={undefined}
                                sortTasksBy={undefined}
                                text="Completion"
                />
                <Filter
                                filter="creationDate"
                                moduleId={undefined}
                                sortBy={undefined}
                                sortTasksBy={undefined}
                                text="Creation"
                />
</div>,
              <span
                className={undefined}
>
                ↓
</span>,
            ],
            "className": undefined,
          },
          "ref": null,
          "rendered": Array [
            Object {
              "instance": null,
              "key": undefined,
              "nodeType": "host",
              "props": Object {
                "children": "Sort by:",
              },
              "ref": null,
              "rendered": "Sort by:",
              "type": "strong",
            },
            Object {
              "instance": null,
              "key": undefined,
              "nodeType": "host",
              "props": Object {
                "children": Array [
                  <Filter
                    filter="priority"
                    moduleId={undefined}
                    sortBy={undefined}
                    sortTasksBy={undefined}
                    text="Priority"
/>,
                  <Filter
                    filter="expiration"
                    moduleId={undefined}
                    sortBy={undefined}
                    sortTasksBy={undefined}
                    text="Expiration"
/>,
                  <Filter
                    filter="completed"
                    moduleId={undefined}
                    sortBy={undefined}
                    sortTasksBy={undefined}
                    text="Completion"
/>,
                  <Filter
                    filter="creationDate"
                    moduleId={undefined}
                    sortBy={undefined}
                    sortTasksBy={undefined}
                    text="Creation"
/>,
                ],
                "className": undefined,
              },
              "ref": null,
              "rendered": Array [
                Object {
                  "instance": null,
                  "key": undefined,
                  "nodeType": "function",
                  "props": Object {
                    "filter": "priority",
                    "moduleId": undefined,
                    "sortBy": undefined,
                    "sortTasksBy": undefined,
                    "text": "Priority",
                  },
                  "ref": null,
                  "rendered": null,
                  "type": [Function],
                },
                Object {
                  "instance": null,
                  "key": undefined,
                  "nodeType": "function",
                  "props": Object {
                    "filter": "expiration",
                    "moduleId": undefined,
                    "sortBy": undefined,
                    "sortTasksBy": undefined,
                    "text": "Expiration",
                  },
                  "ref": null,
                  "rendered": null,
                  "type": [Function],
                },
                Object {
                  "instance": null,
                  "key": undefined,
                  "nodeType": "function",
                  "props": Object {
                    "filter": "completed",
                    "moduleId": undefined,
                    "sortBy": undefined,
                    "sortTasksBy": undefined,
                    "text": "Completion",
                  },
                  "ref": null,
                  "rendered": null,
                  "type": [Function],
                },
                Object {
                  "instance": null,
                  "key": undefined,
                  "nodeType": "function",
                  "props": Object {
                    "filter": "creationDate",
                    "moduleId": undefined,
                    "sortBy": undefined,
                    "sortTasksBy": undefined,
                    "text": "Creation",
                  },
                  "ref": null,
                  "rendered": null,
                  "type": [Function],
                },
              ],
              "type": "div",
            },
            Object {
              "instance": null,
              "key": undefined,
              "nodeType": "host",
              "props": Object {
                "children": "↓",
                "className": undefined,
              },
              "ref": null,
              "rendered": "↓",
              "type": "span",
            },
          ],
          "type": "div",
        },
        Object {
          "instance": null,
          "key": undefined,
          "nodeType": "host",
          "props": Object {
            "children": Array [
              <li>
                <p>
                                No tasks in current module...
                </p>
                <br />
</li>,
              <TaskItemList
                moduleId={undefined}
                removeTask={undefined}
                tasks={Array []}
                toggleTask={undefined}
/>,
            ],
            "className": undefined,
          },
          "ref": null,
          "rendered": Array [
            Object {
              "instance": null,
              "key": undefined,
              "nodeType": "host",
              "props": Object {
                "children": Array [
                  <p>
                    No tasks in current module...
</p>,
                  <br />,
                ],
              },
              "ref": null,
              "rendered": Array [
                Object {
                  "instance": null,
                  "key": undefined,
                  "nodeType": "host",
                  "props": Object {
                    "children": "No tasks in current module...",
                  },
                  "ref": null,
                  "rendered": "No tasks in current module...",
                  "type": "p",
                },
                Object {
                  "instance": null,
                  "key": undefined,
                  "nodeType": "host",
                  "props": Object {},
                  "ref": null,
                  "rendered": null,
                  "type": "br",
                },
              ],
              "type": "li",
            },
            Object {
              "instance": null,
              "key": undefined,
              "nodeType": "function",
              "props": Object {
                "moduleId": undefined,
                "removeTask": undefined,
                "tasks": Array [],
                "toggleTask": undefined,
              },
              "ref": null,
              "rendered": null,
              "type": [Function],
            },
          ],
          "type": "ul",
        },
        Object {
          "instance": null,
          "key": undefined,
          "nodeType": "function",
          "props": Object {
            "addNewTask": undefined,
            "moduleId": undefined,
          },
          "ref": null,
          "rendered": null,
          "type": [Function],
        },
      ],
      "type": "section",
    },
    "type": "li",
  },
  Symbol(enzyme.__nodes__): Array [
    Object {
      "instance": null,
      "key": undefined,
      "nodeType": "host",
      "props": Object {
        "children": <section
          className={undefined}
>
          <h4
                    className={undefined}
          />
          <span
                    className="removeBtn"
                    id="removeTaskModule"
                    onClick={[Function]}
          />
          <div
                    className={undefined}
          >
                    <strong>
                              Sort by:
                    </strong>
                    <div
                              className={undefined}
                    >
                              <Filter
                                        filter="priority"
                                        moduleId={undefined}
                                        sortBy={undefined}
                                        sortTasksBy={undefined}
                                        text="Priority"
                              />
                              <Filter
                                        filter="expiration"
                                        moduleId={undefined}
                                        sortBy={undefined}
                                        sortTasksBy={undefined}
                                        text="Expiration"
                              />
                              <Filter
                                        filter="completed"
                                        moduleId={undefined}
                                        sortBy={undefined}
                                        sortTasksBy={undefined}
                                        text="Completion"
                              />
                              <Filter
                                        filter="creationDate"
                                        moduleId={undefined}
                                        sortBy={undefined}
                                        sortTasksBy={undefined}
                                        text="Creation"
                              />
                    </div>
                    <span
                              className={undefined}
                    >
                              ↓
                    </span>
          </div>
          <ul
                    className={undefined}
          >
                    <li>
                              <p>
                                        No tasks in current module...
                              </p>
                              <br />
                    </li>
                    <TaskItemList
                              moduleId={undefined}
                              removeTask={undefined}
                              tasks={Array []}
                              toggleTask={undefined}
                    />
          </ul>
          <AddTask
                    addNewTask={undefined}
                    moduleId={undefined}
          />
</section>,
        "className": "undefined fadeIn",
      },
      "ref": null,
      "rendered": Object {
        "instance": null,
        "key": undefined,
        "nodeType": "host",
        "props": Object {
          "children": Array [
            <h4
              className={undefined}
/>,
            <span
              className="removeBtn"
              id="removeTaskModule"
              onClick={[Function]}
/>,
            <div
              className={undefined}
>
              <strong>
                            Sort by:
              </strong>
              <div
                            className={undefined}
              >
                            <Filter
                                          filter="priority"
                                          moduleId={undefined}
                                          sortBy={undefined}
                                          sortTasksBy={undefined}
                                          text="Priority"
                            />
                            <Filter
                                          filter="expiration"
                                          moduleId={undefined}
                                          sortBy={undefined}
                                          sortTasksBy={undefined}
                                          text="Expiration"
                            />
                            <Filter
                                          filter="completed"
                                          moduleId={undefined}
                                          sortBy={undefined}
                                          sortTasksBy={undefined}
                                          text="Completion"
                            />
                            <Filter
                                          filter="creationDate"
                                          moduleId={undefined}
                                          sortBy={undefined}
                                          sortTasksBy={undefined}
                                          text="Creation"
                            />
              </div>
              <span
                            className={undefined}
              >
                            ↓
              </span>
</div>,
            <ul
              className={undefined}
>
              <li>
                            <p>
                                          No tasks in current module...
                            </p>
                            <br />
              </li>
              <TaskItemList
                            moduleId={undefined}
                            removeTask={undefined}
                            tasks={Array []}
                            toggleTask={undefined}
              />
</ul>,
            <AddTask
              addNewTask={undefined}
              moduleId={undefined}
/>,
          ],
          "className": undefined,
        },
        "ref": null,
        "rendered": Array [
          Object {
            "instance": null,
            "key": undefined,
            "nodeType": "host",
            "props": Object {
              "children": undefined,
              "className": undefined,
            },
            "ref": null,
            "rendered": null,
            "type": "h4",
          },
          Object {
            "instance": null,
            "key": undefined,
            "nodeType": "host",
            "props": Object {
              "className": "removeBtn",
              "id": "removeTaskModule",
              "onClick": [Function],
            },
            "ref": null,
            "rendered": null,
            "type": "span",
          },
          Object {
            "instance": null,
            "key": undefined,
            "nodeType": "host",
            "props": Object {
              "children": Array [
                <strong>
                  Sort by:
</strong>,
                <div
                  className={undefined}
>
                  <Filter
                                    filter="priority"
                                    moduleId={undefined}
                                    sortBy={undefined}
                                    sortTasksBy={undefined}
                                    text="Priority"
                  />
                  <Filter
                                    filter="expiration"
                                    moduleId={undefined}
                                    sortBy={undefined}
                                    sortTasksBy={undefined}
                                    text="Expiration"
                  />
                  <Filter
                                    filter="completed"
                                    moduleId={undefined}
                                    sortBy={undefined}
                                    sortTasksBy={undefined}
                                    text="Completion"
                  />
                  <Filter
                                    filter="creationDate"
                                    moduleId={undefined}
                                    sortBy={undefined}
                                    sortTasksBy={undefined}
                                    text="Creation"
                  />
</div>,
                <span
                  className={undefined}
>
                  ↓
</span>,
              ],
              "className": undefined,
            },
            "ref": null,
            "rendered": Array [
              Object {
                "instance": null,
                "key": undefined,
                "nodeType": "host",
                "props": Object {
                  "children": "Sort by:",
                },
                "ref": null,
                "rendered": "Sort by:",
                "type": "strong",
              },
              Object {
                "instance": null,
                "key": undefined,
                "nodeType": "host",
                "props": Object {
                  "children": Array [
                    <Filter
                      filter="priority"
                      moduleId={undefined}
                      sortBy={undefined}
                      sortTasksBy={undefined}
                      text="Priority"
/>,
                    <Filter
                      filter="expiration"
                      moduleId={undefined}
                      sortBy={undefined}
                      sortTasksBy={undefined}
                      text="Expiration"
/>,
                    <Filter
                      filter="completed"
                      moduleId={undefined}
                      sortBy={undefined}
                      sortTasksBy={undefined}
                      text="Completion"
/>,
                    <Filter
                      filter="creationDate"
                      moduleId={undefined}
                      sortBy={undefined}
                      sortTasksBy={undefined}
                      text="Creation"
/>,
                  ],
                  "className": undefined,
                },
                "ref": null,
                "rendered": Array [
                  Object {
                    "instance": null,
                    "key": undefined,
                    "nodeType": "function",
                    "props": Object {
                      "filter": "priority",
                      "moduleId": undefined,
                      "sortBy": undefined,
                      "sortTasksBy": undefined,
                      "text": "Priority",
                    },
                    "ref": null,
                    "rendered": null,
                    "type": [Function],
                  },
                  Object {
                    "instance": null,
                    "key": undefined,
                    "nodeType": "function",
                    "props": Object {
                      "filter": "expiration",
                      "moduleId": undefined,
                      "sortBy": undefined,
                      "sortTasksBy": undefined,
                      "text": "Expiration",
                    },
                    "ref": null,
                    "rendered": null,
                    "type": [Function],
                  },
                  Object {
                    "instance": null,
                    "key": undefined,
                    "nodeType": "function",
                    "props": Object {
                      "filter": "completed",
                      "moduleId": undefined,
                      "sortBy": undefined,
                      "sortTasksBy": undefined,
                      "text": "Completion",
                    },
                    "ref": null,
                    "rendered": null,
                    "type": [Function],
                  },
                  Object {
                    "instance": null,
                    "key": undefined,
                    "nodeType": "function",
                    "props": Object {
                      "filter": "creationDate",
                      "moduleId": undefined,
                      "sortBy": undefined,
                      "sortTasksBy": undefined,
                      "text": "Creation",
                    },
                    "ref": null,
                    "rendered": null,
                    "type": [Function],
                  },
                ],
                "type": "div",
              },
              Object {
                "instance": null,
                "key": undefined,
                "nodeType": "host",
                "props": Object {
                  "children": "↓",
                  "className": undefined,
                },
                "ref": null,
                "rendered": "↓",
                "type": "span",
              },
            ],
            "type": "div",
          },
          Object {
            "instance": null,
            "key": undefined,
            "nodeType": "host",
            "props": Object {
              "children": Array [
                <li>
                  <p>
                                    No tasks in current module...
                  </p>
                  <br />
</li>,
                <TaskItemList
                  moduleId={undefined}
                  removeTask={undefined}
                  tasks={Array []}
                  toggleTask={undefined}
/>,
              ],
              "className": undefined,
            },
            "ref": null,
            "rendered": Array [
              Object {
                "instance": null,
                "key": undefined,
                "nodeType": "host",
                "props": Object {
                  "children": Array [
                    <p>
                      No tasks in current module...
</p>,
                    <br />,
                  ],
                },
                "ref": null,
                "rendered": Array [
                  Object {
                    "instance": null,
                    "key": undefined,
                    "nodeType": "host",
                    "props": Object {
                      "children": "No tasks in current module...",
                    },
                    "ref": null,
                    "rendered": "No tasks in current module...",
                    "type": "p",
                  },
                  Object {
                    "instance": null,
                    "key": undefined,
                    "nodeType": "host",
                    "props": Object {},
                    "ref": null,
                    "rendered": null,
                    "type": "br",
                  },
                ],
                "type": "li",
              },
              Object {
                "instance": null,
                "key": undefined,
                "nodeType": "function",
                "props": Object {
                  "moduleId": undefined,
                  "removeTask": undefined,
                  "tasks": Array [],
                  "toggleTask": undefined,
                },
                "ref": null,
                "rendered": null,
                "type": [Function],
              },
            ],
            "type": "ul",
          },
          Object {
            "instance": null,
            "key": undefined,
            "nodeType": "function",
            "props": Object {
              "addNewTask": undefined,
              "moduleId": undefined,
            },
            "ref": null,
            "rendered": null,
            "type": [Function],
          },
        ],
        "type": "section",
      },
      "type": "li",
    },
  ],
  Symbol(enzyme.__options__): Object {
    "adapter": ReactSixteenAdapter {
      "options": Object {
        "enableComponentDidUpdateOnSetState": true,
      },
    },
  },
}
`;
